// Jest Snapshot v1, https://goo.gl/fbAQLP

exports[`Should be able to render optionals for non-required fields and should log expected output to console 1`] = `
Array [
  "public class Root {
  private UUID id = UUID.fromString(\\"123e4567-e89b-12d3-a456-426614174000\\");
  private String gender = \\"male\\";
  private Integer age = 18;
  private Double height = 1.75;
  private Boolean isEmployed = true;
  private LocalDate birthdate = LocalDate.parse(\\"2000-01-01\\");
  private java.time.OffsetDateTime creationTime = java.time.OffsetDateTime.parse(\\"2023-10-01T12:00:00Z\\");

  public UUID getId() { return this.id; }
  public void setId(UUID id) { this.id = id; }

  public String getGender() { return this.gender; }
  public void setGender(String gender) { this.gender = gender; }

  public Integer getAge() { return this.age; }
  public void setAge(Integer age) { this.age = age; }

  public Double getHeight() { return this.height; }
  public void setHeight(Double height) { this.height = height; }

  public Boolean getIsEmployed() { return this.isEmployed; }
  public void setIsEmployed(Boolean isEmployed) { this.isEmployed = isEmployed; }

  public LocalDate getBirthdate() { return this.birthdate; }
  public void setBirthdate(LocalDate birthdate) { this.birthdate = birthdate; }

  public java.time.OffsetDateTime getCreationTime() { return this.creationTime; }
  public void setCreationTime(java.time.OffsetDateTime creationTime) { this.creationTime = creationTime; }
}",
]
`;
