// Jest Snapshot v1, https://goo.gl/fbAQLP

exports[`Should be able to render python models and should log expected output to console 1`] = `
Array [
  "class Root: 
  def __init__(self, input: Dict):
    if 'email' in input:
      self._email: str = input['email']

  @property
  def email(self) -> str:
    return self._email
  @email.setter
  def email(self, email: str):
    self._email = email
",
]
`;
