// Jest Snapshot v1, https://goo.gl/fbAQLP

exports[`Should be able to generate ts data model with marshal und unmarshal functions and should log expected output to console 1`] = `
Array [
  "public class Root {
  private Object email;

  public Object getEmail() { return this.email; }
  public void setEmail(Object email) { this.email = email; }

  public String marshal() {
    List<String> propList = new ArrayList();
      if(this.email != null) {
            propList.add(\\"email:\\"+this.email.toString());
        }
    return propList.stream().collect(Collectors.joining(\\",\\"));
  }

  public static Root unmarshal(String json) {
    Root result = new Root();
    JSONObject jsonObject = new JSONObject(json);
      if(jsonObject.has(\\"email\\")) {
            result.setEmail(jsonObject.getString(\\"email\\"));
          }
    return result;
  }
}",
]
`;
