[
  {
    "$id": "anonymSchema1",
    "additionalProperties": {
      "originalSchema": true,
      "type": [
        "object",
        "string",
        "number",
        "array",
        "boolean",
        "null"
      ]
    },
    "extend": [
      "anonymSchema2",
      "anonymSchema4"
    ],
    "originalSchema": {
      "allOf": [
        {
          "properties": {
            "country": {
              "enum": [
                "United States of America2",
                "Canada2"
              ]
            },
            "street_address": {
              "properties": {
                "floor": {
                  "type": "number"
                }
              },
              "type": "object"
            }
          },
          "type": "object"
        },
        {
          "properties": {
            "country2": {
              "enum": [
                "United States of America2",
                "Canada2"
              ]
            },
            "street_address2": {
              "properties": {
                "floor2": {
                  "type": "number"
                }
              },
              "type": "object"
            }
          },
          "type": "object"
        }
      ]
    },
    "type": "object"
  },
  {
    "$id": "anonymSchema3",
    "additionalProperties": {
      "originalSchema": true,
      "type": [
        "object",
        "string",
        "number",
        "array",
        "boolean",
        "null"
      ]
    },
    "originalSchema": {
      "properties": {
        "floor": {
          "type": "number"
        }
      },
      "type": "object"
    },
    "properties": {
      "floor": {
        "originalSchema": {
          "type": "number"
        },
        "type": "number"
      }
    },
    "type": "object"
  },
  {
    "$id": "anonymSchema2",
    "additionalProperties": {
      "originalSchema": true,
      "type": [
        "object",
        "string",
        "number",
        "array",
        "boolean",
        "null"
      ]
    },
    "originalSchema": {
      "properties": {
        "country": {
          "enum": [
            "United States of America2",
            "Canada2"
          ]
        },
        "street_address": {
          "properties": {
            "floor": {
              "type": "number"
            }
          },
          "type": "object"
        }
      },
      "type": "object"
    },
    "properties": {
      "country": {
        "enum": [
          "United States of America2",
          "Canada2"
        ],
        "originalSchema": {
          "enum": [
            "United States of America2",
            "Canada2"
          ]
        },
        "type": "string"
      },
      "street_address": {
        "$ref": "anonymSchema3"
      }
    },
    "type": "object"
  },
  {
    "$id": "anonymSchema5",
    "additionalProperties": {
      "originalSchema": true,
      "type": [
        "object",
        "string",
        "number",
        "array",
        "boolean",
        "null"
      ]
    },
    "originalSchema": {
      "properties": {
        "floor2": {
          "type": "number"
        }
      },
      "type": "object"
    },
    "properties": {
      "floor2": {
        "originalSchema": {
          "type": "number"
        },
        "type": "number"
      }
    },
    "type": "object"
  },
  {
    "$id": "anonymSchema4",
    "additionalProperties": {
      "originalSchema": true,
      "type": [
        "object",
        "string",
        "number",
        "array",
        "boolean",
        "null"
      ]
    },
    "originalSchema": {
      "properties": {
        "country2": {
          "enum": [
            "United States of America2",
            "Canada2"
          ]
        },
        "street_address2": {
          "properties": {
            "floor2": {
              "type": "number"
            }
          },
          "type": "object"
        }
      },
      "type": "object"
    },
    "properties": {
      "country2": {
        "enum": [
          "United States of America2",
          "Canada2"
        ],
        "originalSchema": {
          "enum": [
            "United States of America2",
            "Canada2"
          ]
        },
        "type": "string"
      },
      "street_address2": {
        "$ref": "anonymSchema5"
      }
    },
    "type": "object"
  }
]