// Jest Snapshot v1, https://goo.gl/fbAQLP

exports[`PYTHON_PYDANTIC_PRESET should render pydantic for class 1`] = `
"class Test(BaseModel): 
  prop: Optional[str] = Field(alias='''test
    multi
    line
    description''', default=None)
  additionalProperties: Optional[dict[Any, Any]] = Field(default=None)
"
`;

exports[`PYTHON_PYDANTIC_PRESET should render union to support Python < 3.10 1`] = `
Array [
  "class UnionTest(BaseModel): 
  unionTest: Optional[Union[Union1, Union2]] = Field(default=None)
  additionalProperties: Optional[dict[Any, Any]] = Field(default=None)
",
  "class Union1(BaseModel): 
  testProp1: Optional[str] = Field(default=None)
  additionalProperties: Optional[dict[Any, Any]] = Field(default=None)
",
  "class Union2(BaseModel): 
  testProp2: Optional[str] = Field(default=None)
  additionalProperties: Optional[dict[Any, Any]] = Field(default=None)
",
]
`;
