// Jest Snapshot v1, https://goo.gl/fbAQLP

exports[`Should be able to render model using Avro Schema and should log expected output to console 1`] = `
Array [
  "class Person {
  private _reservedName: string;

  constructor(input: {
    reservedName: string,
  }) {
    this._reservedName = input.reservedName;
  }

  get reservedName(): string { return this._reservedName; }
  set reservedName(reservedName: string) { this._reservedName = reservedName; }
}",
]
`;
