// Jest Snapshot v1, https://goo.gl/fbAQLP

exports[`Should be able to render enum with single value as const and should log expected output to console 1`] = `
Array [
  "class Root {
  private _email?: 'test' = 'test';

  constructor(input: {
  
  }) {
  
  }

  get email(): 'test' | undefined { return this._email; }
}",
]
`;
