// Jest Snapshot v1, https://goo.gl/fbAQLP

exports[`Should be able to render models to not use reserved keywords from JS and should log expected output to console 1`] = `
Array [
  "class Root {
  private _reservedLocation?: string;

  constructor(input: {
    reservedLocation?: string,
  }) {
    this._reservedLocation = input.reservedLocation;
  }

  get reservedLocation(): string | undefined { return this._reservedLocation; }
  set reservedLocation(reservedLocation: string | undefined) { this._reservedLocation = reservedLocation; }
}",
]
`;
