// Jest Snapshot v1, https://goo.gl/fbAQLP

exports[`Should be able to generate a model to overwrite the toString method and should log expected output to console 1`] = `
Array [
  "public class Root {
  private String email;

  public String getEmail() { return this.email; }
  public void setEmail(String email) { this.email = email; }

  @Override
  public String toString() {
    return \\"class Root {\\\\n\\" +   
      \\"    email: \\" + toIndentedString(email) + \\"\\\\n\\" +
    \\"}\\";
  }

  /**
   * Convert the given object to string with each line indented by 4 spaces
   * (except the first line).
   */
  private String toIndentedString(Object o) {
    if (o == null) {
      return \\"null\\";
    }
    return o.toString().replace(\\"\\\\n\\", \\"\\\\n    \\");
  }
}",
]
`;
