// Jest Snapshot v1, https://goo.gl/fbAQLP

exports[`Should be able to render raw properties and should log expected output to console 1`] = `
Array [
  "interface Root {
  'weird name'?: string;
}",
]
`;
