// Jest Snapshot v1, https://goo.gl/fbAQLP

exports[`Should be able to render required properties without the question mark at the end if the type of it is not nullable and should log expected output to console 1`] = `
Array [
  "public partial class Root
{
  private bool requiredBoolean;
  private bool? notRequiredBoolean;
  private string requiredString;
  private string? notRequiredString;

  public bool RequiredBoolean 
  {
    get { return requiredBoolean; }
    set { this.requiredBoolean = value; }
  }

  public bool? NotRequiredBoolean 
  {
    get { return notRequiredBoolean; }
    set { this.notRequiredBoolean = value; }
  }

  public string RequiredString 
  {
    get { return requiredString; }
    set { this.requiredString = value; }
  }

  public string? NotRequiredString 
  {
    get { return notRequiredString; }
    set { this.notRequiredString = value; }
  }
}",
]
`;
