{
  "testPattern1": {  },
  "testPattern2": {  },
  "testPattern3": {  }
}