{
  "testPattern1": {  },
  "testPattern2": {  },
  "testPattern3": {  },
  "testPattern4": {  },
  "testPattern5": {  }
}